[debug] [2026-02-14T10:47:46.728Z] ----------------------------------------------------------------------
[debug] [2026-02-14T10:47:46.732Z] Command:       C:\Program Files\nodejs\node.exe C:\Users\Admin\AppData\Roaming\npm\node_modules\firebase-tools\lib\bin\firebase.js init
[debug] [2026-02-14T10:47:46.732Z] CLI Version:   15.6.0
[debug] [2026-02-14T10:47:46.732Z] Platform:      win32
[debug] [2026-02-14T10:47:46.732Z] Node Version:  v21.7.3
[debug] [2026-02-14T10:47:46.733Z] Time:          Sat Feb 14 2026 16:17:46 GMT+0530 (India Standard Time)
[debug] [2026-02-14T10:47:46.733Z] ----------------------------------------------------------------------
[debug] 
[info] 
     ######## #### ########  ######## ########     ###     ######  ########
     ##        ##  ##     ## ##       ##     ##  ##   ##  ##       ##
     ######    ##  ########  ######   ########  #########  ######  ######
     ##        ##  ##    ##  ##       ##     ## ##     ##       ## ##
     ##       #### ##     ## ######## ########  ##     ##  ######  ########

You're about to initialize a Firebase project in this directory:

  D:\VIKRAM\Portfolio

Before we get started, keep in mind:

  * You are initializing within an existing Firebase project directory

[info] 
=== Project Setup
[info] 
[info] First, let's associate this project directory with a Firebase project.
[info] You can create multiple project aliases by running firebase use --add, 
[info] 
[debug] [2026-02-14T10:48:04.012Z] > command requires scopes: ["email","openid","https://www.googleapis.com/auth/cloudplatformprojects.readonly","https://www.googleapis.com/auth/firebase","https://www.googleapis.com/auth/cloud-platform"]
[debug] [2026-02-14T10:48:04.013Z] > authorizing via signed-in user (vikram701058@gmail.com)
[debug] [2026-02-14T10:48:04.014Z] Checked if tokens are valid: true, expires at: 1771067191850
[debug] [2026-02-14T10:48:04.014Z] Checked if tokens are valid: true, expires at: 1771067191850
[debug] [2026-02-14T10:48:04.016Z] >>> [apiv2][query] GET https://firebase.googleapis.com/v1beta1/projects/vikram06844 [none]
[debug] [2026-02-14T10:48:04.560Z] <<< [apiv2][status] GET https://firebase.googleapis.com/v1beta1/projects/vikram06844 200
[debug] [2026-02-14T10:48:04.560Z] <<< [apiv2][body] GET https://firebase.googleapis.com/v1beta1/projects/vikram06844 {"projectId":"vikram06844","projectNumber":"701544455771","displayName":"vikram","name":"projects/vikram06844","resources":{"hostingSite":"vikram06844"},"state":"ACTIVE","etag":"1_e224c163-3c8c-41a2-9543-9bfd89286916"}
[info] i  Using project vikram06844 (vikram) . 
[info] 
=== Hosting Setup
[debug] [2026-02-14T10:48:04.575Z] Checked if tokens are valid: true, expires at: 1771067191850
[debug] [2026-02-14T10:48:04.575Z] Checked if tokens are valid: true, expires at: 1771067191850
[debug] [2026-02-14T10:48:04.576Z] >>> [apiv2][query] GET https://firebase.googleapis.com/v1beta1/projects/vikram06844 [none]
[debug] [2026-02-14T10:48:04.961Z] <<< [apiv2][status] GET https://firebase.googleapis.com/v1beta1/projects/vikram06844 200
[debug] [2026-02-14T10:48:04.961Z] <<< [apiv2][body] GET https://firebase.googleapis.com/v1beta1/projects/vikram06844 {"projectId":"vikram06844","projectNumber":"701544455771","displayName":"vikram","name":"projects/vikram06844","resources":{"hostingSite":"vikram06844"},"state":"ACTIVE","etag":"1_e224c163-3c8c-41a2-9543-9bfd89286916"}
[info] 
[info] Your public directory is the folder (relative to your project directory) that
[info] will contain Hosting assets to be uploaded with firebase deploy. If you
[info] have a build process for your assets, use your build's output directory.
[info] 
